Couldn't read file "D:\Projects\Bilby-compiler\bilbyStudents2021\input\wip-bilby-1/output/StringImm3.asm"
