Couldn't read file "D:\Projects\Bilby-compiler\bilbyStudents2021\input\bilby-2\range/output/range1.asm"
