Couldn't read file "D:\Projects\Bilby-compiler\bilbyStudents2021\input\bilby-2-stable/array/output/good_arrayCreation11.asm"
