[<1.500000..2.500000>, <2.100000..3.700000>, <3.900000..4.000000>]
