Couldn't read file "D:\Projects\Bilby-compiler\bilbyStudents2021\input\wip-bilby-2/array/output/array_list_make.asm"
