[<@..A>, <c..z>, <g..i>] [<@..A>, <c..z>, <g..i>]
