Couldn't read file "D:\Projects\Bilby-compiler\bilbyStudents2021\input\bilby-2/array/output/good_array_semantics8.asm"
