Couldn't read file "D:\Projects\Bilby-compiler\bilbyStudents2021\input\wip-bilby-1/expressions/output/parenthices2.asm"
