Couldn't read file "D:\Projects\Bilby-compiler\bilbyStudents2021\input\bilby-2-stable/statements/output/good_target6.asm"
