Couldn't read file "D:\Projects\Bilby-compiler\bilbyStudents2021\input\bilby-2\statements/output/good_target9.asm"
